// Jest Snapshot v1, https://goo.gl/fbAQLP

exports[`watchDeletePost saga should start task to watch for DELETE_POST action 1`] = `
Object {
  "@@redux-saga/IO": true,
  "CALL": Object {
    "args": Array [],
    "context": null,
    "fn": [Function],
  },
}
`;
